// Jest Snapshot v1, https://goo.gl/fbAQLP

exports[`testing <Header /> component should render properly 1`] = `
<div
  className="MuiContainer-root css-1e57c4r-MuiContainer-root"
>
  <div
    className="boardHeaderBox MuiBox-root css-0"
  >
    <h6
      className="MuiTypography-root MuiTypography-subtitle1 css-x4wfr5-MuiTypography-root"
    >
      Your Boards
    </h6>
    <div>
      <button
        className="MuiButton-root MuiButton-text MuiButton-textPrimary MuiButton-sizeSmall MuiButton-textSizeSmall MuiButtonBase-root  css-1knaqv7-MuiButtonBase-root-MuiButton-root"
        disabled={false}
        onBlur={[Function]}
        onContextMenu={[Function]}
        onDragLeave={[Function]}
        onFocus={[Function]}
        onKeyDown={[Function]}
        onKeyUp={[Function]}
        onMouseDown={[Function]}
        onMouseLeave={[Function]}
        onMouseUp={[Function]}
        onTouchEnd={[Function]}
        onTouchMove={[Function]}
        onTouchStart={[Function]}
        tabIndex={0}
        type="button"
      >
        Filter By
      </button>
      <button
        className="MuiButton-root MuiButton-text MuiButton-textPrimary MuiButton-sizeSmall MuiButton-textSizeSmall MuiButtonBase-root  css-1knaqv7-MuiButtonBase-root-MuiButton-root"
        disabled={false}
        onBlur={[Function]}
        onContextMenu={[Function]}
        onDragLeave={[Function]}
        onFocus={[Function]}
        onKeyDown={[Function]}
        onKeyUp={[Function]}
        onMouseDown={[Function]}
        onMouseLeave={[Function]}
        onMouseUp={[Function]}
        onTouchEnd={[Function]}
        onTouchMove={[Function]}
        onTouchStart={[Function]}
        tabIndex={0}
        type="button"
      >
        Sort
      </button>
    </div>
  </div>
  <div
    className="MuiGrid-root MuiGrid-container MuiGrid-spacing-xs-5 boardViewsBox css-1ld3b9g-MuiGrid-root"
  >
    <div
      className="MuiGrid-root MuiGrid-item MuiGrid-grid-xs-12 MuiGrid-grid-sm-6 MuiGrid-grid-lg-4 MuiGrid-grid-xl-3 css-v3c8vo-MuiGrid-root"
    >
      <div
        className="board-icon-container"
        id="add-board-icon"
      >
        <button
          className="MuiButton-root MuiButton-text MuiButton-textPrimary MuiButton-sizeSmall MuiButton-textSizeSmall MuiButtonBase-root  css-16xo46n-MuiButtonBase-root-MuiButton-root"
          data-testid="add-board-button"
          disabled={false}
          onBlur={[Function]}
          onClick={[Function]}
          onContextMenu={[Function]}
          onDragLeave={[Function]}
          onFocus={[Function]}
          onKeyDown={[Function]}
          onKeyUp={[Function]}
          onMouseDown={[Function]}
          onMouseLeave={[Function]}
          onMouseUp={[Function]}
          onTouchEnd={[Function]}
          onTouchMove={[Function]}
          onTouchStart={[Function]}
          tabIndex={0}
          type="button"
        >
          <img
            alt="Add A New Board"
            src="newBoard.png"
            style={
              Object {
                "boxShadow": "1px 5px 8px rgba(165, 165, 165)",
              }
            }
            width="80%"
          />
        </button>
        <h6
          className="MuiTypography-root MuiTypography-h6 css-1x7nvub-MuiTypography-root"
        >
          Create A New Board
        </h6>
      </div>
    </div>
  </div>
</div>
`;
