// Jest Snapshot v1, https://goo.gl/fbAQLP

exports[`Testing <CreateNewBoard /> Component renders app correctly 1`] = `
Array [
  <Context.Provider
    value={
      Object {
        "store": Object {
          "@@observable": [Function],
          "dispatch": [Function],
          "getState": [Function],
          "replaceReducer": [Function],
          "subscribe": [Function],
        },
        "subscription": Object {
          "addNestedSub": [Function],
          "getListeners": [Function],
          "handleChangeWrapper": [Function],
          "isSubscribed": [Function],
          "notifyNestedSubs": [Function],
          "onStateChange": [Function],
          "trySubscribe": [Function],
          "tryUnsubscribe": [Function],
        },
      }
    }
  >
    <BrowserRouter>
      <CreateNewBoard />
    </BrowserRouter>
  </Context.Provider>,
]
`;
